"D:/Unreal Projects/Amberial UE Remake/AmberialUE4/Amberial/Content/SC_SFX.uasset" 0
"D:/Unreal Projects/Amberial UE Remake/AmberialUE4/Amberial/Content/SC_SFX.uexp" 1
"D:/Unreal Projects/Amberial UE Remake/AmberialUE4/Amberial/Content/SC_BGM.uasset" 2
"D:/Unreal Projects/Amberial UE Remake/AmberialUE4/Amberial/Content/SC_BGM.uexp" 3
"D:/Unreal Projects/Amberial UE Remake/AmberialUE4/Amberial/Content/SC_Master.uasset" 4
"D:/Unreal Projects/Amberial UE Remake/AmberialUE4/Amberial/Content/SC_Master.uexp" 5
"D:/Unreal Projects/Amberial UE Remake/AmberialUE4/Amberial/Content/SCM_Master.uasset" 6
"D:/Unreal Projects/Amberial UE Remake/AmberialUE4/Amberial/Content/SCM_Master.uexp" 7
"../../../Engine/Content/EngineMaterials/T_Default_Material_Grid_N.uasset" 8
"../../../Engine/Content/EngineMaterials/T_Default_Material_Grid_N.uexp" 9
"../../../Engine/Content/EngineMaterials/T_Default_Material_Grid_N.ubulk" 10
"../../../Engine/Content/EngineMaterials/T_Default_Material_Grid_M.uasset" 11
"../../../Engine/Content/EngineMaterials/T_Default_Material_Grid_M.uexp" 12
"../../../Engine/Content/EngineMaterials/T_Default_Material_Grid_M.ubulk" 13
"../../../Engine/Content/Functions/Engine_MaterialFunctions01/Opacity/CameraDepthFade.uasset" 14
"../../../Engine/Content/Functions/Engine_MaterialFunctions01/Opacity/CameraDepthFade.uexp" 15
"../../../Engine/Content/EngineMaterials/WorldGridMaterial.uasset" 16
"../../../Engine/Content/EngineMaterials/WorldGridMaterial.uexp" 17
"../../../Engine/Content/ArtTools/RenderToTexture/Meshes/S_1_Unit_Plane.uasset" 18
"../../../Engine/Content/ArtTools/RenderToTexture/Meshes/S_1_Unit_Plane.uexp" 19
"../../../Engine/Content/EngineMaterials/DefaultMaterial.uasset" 20
"../../../Engine/Content/EngineMaterials/DefaultMaterial.uexp" 21
"../../../Engine/Content/BasicShapes/Cone.uasset" 22
"../../../Engine/Content/BasicShapes/Cone.uexp" 23
"../../../Engine/Content/BasicShapes/Cylinder.uasset" 24
"../../../Engine/Content/BasicShapes/Cylinder.uexp" 25
"../../../Engine/Content/BasicShapes/Plane.uasset" 26
"../../../Engine/Content/BasicShapes/Plane.uexp" 27
"../../../Engine/Content/BasicShapes/Sphere.uasset" 28
"../../../Engine/Content/BasicShapes/Sphere.uexp" 29
"../../../Engine/Content/EditorLandscapeResources/DataLayer.uasset" 30
"../../../Engine/Content/EditorLandscapeResources/DataLayer.uexp" 31
"../../../Engine/Content/EditorLandscapeResources/DefaultAlphaTexture.uasset" 32
"../../../Engine/Content/EditorLandscapeResources/DefaultAlphaTexture.uexp" 33
"../../../Engine/Content/EditorMaterials/MAT_Groups_Toggle.uasset" 34
"../../../Engine/Content/EditorMaterials/MAT_Groups_Toggle.uexp" 35
"../../../Engine/Content/EditorMaterials/MAT_Groups_Visibility.uasset" 36
"../../../Engine/Content/EditorMaterials/MAT_Groups_Visibility.uexp" 37
"../../../Engine/Content/EditorMaterials/PreviewShadowIndicator.uasset" 38
"../../../Engine/Content/EditorMaterials/PreviewShadowIndicator.uexp" 39
"../../../Engine/Content/EditorMaterials/PreviewShadowIndicator.ubulk" 40
"../../../Engine/Content/EditorMaterials/PreviewShadowIndicatorMaterial.uasset" 41
"../../../Engine/Content/EditorMaterials/PreviewShadowIndicatorMaterial.uexp" 42
"../../../Engine/Content/EditorMaterials/MatineeGroups/MAT_ColorTrack.uasset" 43
"../../../Engine/Content/EditorMaterials/MatineeGroups/MAT_ColorTrack.uexp" 44
"../../../Engine/Content/EditorMaterials/MatineeGroups/MAT_Groups_Anim.uasset" 45
"../../../Engine/Content/EditorMaterials/MatineeGroups/MAT_Groups_Anim.uexp" 46
"../../../Engine/Content/EditorMaterials/MatineeGroups/MAT_Groups_AudioMaster.uasset" 47
"../../../Engine/Content/EditorMaterials/MatineeGroups/MAT_Groups_AudioMaster.uexp" 48
"../../../Engine/Content/EditorMaterials/MatineeGroups/MAT_Groups_Director.uasset" 49
"../../../Engine/Content/EditorMaterials/MatineeGroups/MAT_Groups_Director.uexp" 50
"../../../Engine/Content/EditorMaterials/MatineeGroups/MAT_Groups_Event.uasset" 51
"../../../Engine/Content/EditorMaterials/MatineeGroups/MAT_Groups_Event.uexp" 52
"../../../Engine/Content/EditorMaterials/MatineeGroups/MAT_Groups_Fade.uasset" 53
"../../../Engine/Content/EditorMaterials/MatineeGroups/MAT_Groups_Fade.uexp" 54
"../../../Engine/Content/EditorMaterials/MatineeGroups/MAT_Groups_Float.uasset" 55
"../../../Engine/Content/EditorMaterials/MatineeGroups/MAT_Groups_Float.uexp" 56
"../../../Engine/Content/EditorMaterials/MatineeGroups/MAT_Groups_Move.uasset" 57
"../../../Engine/Content/EditorMaterials/MatineeGroups/MAT_Groups_Move.uexp" 58
"../../../Engine/Content/EditorMaterials/MatineeGroups/MAT_Groups_Slomo.uasset" 59
"../../../Engine/Content/EditorMaterials/MatineeGroups/MAT_Groups_Slomo.uexp" 60
"../../../Engine/Content/EditorMaterials/MatineeGroups/MAT_Groups_Sound.uasset" 61
"../../../Engine/Content/EditorMaterials/MatineeGroups/MAT_Groups_Sound.uexp" 62
"../../../Engine/Content/EditorMaterials/MatineeGroups/MAT_Groups_Vector.uasset" 63
"../../../Engine/Content/EditorMaterials/MatineeGroups/MAT_Groups_Vector.uexp" 64
"../../../Engine/Content/EditorMaterials/ParticleSystems/PSysThumbnail_NoImage.uasset" 65
"../../../Engine/Content/EditorMaterials/ParticleSystems/PSysThumbnail_NoImage.uexp" 66
"../../../Engine/Content/EditorMaterials/ParticleSystems/PSysThumbnail_NoImage.ubulk" 67
"../../../Engine/Content/EditorMaterials/ParticleSystems/PSysThumbnail_OOD.uasset" 68
"../../../Engine/Content/EditorMaterials/ParticleSystems/PSysThumbnail_OOD.uexp" 69
"../../../Engine/Content/EditorMaterials/ParticleSystems/PSysThumbnail_OOD.ubulk" 70
"../../../Engine/Content/EditorMaterials/Camera/CineMat.uasset" 71
"../../../Engine/Content/EditorMaterials/Camera/CineMat.uexp" 72
"../../../Engine/Content/EditorMaterials/Camera/MI_CineMat_Rig.uasset" 73
"../../../Engine/Content/EditorMaterials/Camera/MI_CineMat_Rig.uexp" 74
"../../../Engine/Content/EditorMeshes/Camera/SM_CraneRig_Arm.uasset" 75
"../../../Engine/Content/EditorMeshes/Camera/SM_CraneRig_Arm.uexp" 76
"../../../Engine/Content/EditorMeshes/Camera/SM_CraneRig_Base.uasset" 77
"../../../Engine/Content/EditorMeshes/Camera/SM_CraneRig_Base.uexp" 78
"../../../Engine/Content/EditorMeshes/Camera/SM_CraneRig_Body.uasset" 79
"../../../Engine/Content/EditorMeshes/Camera/SM_CraneRig_Body.uexp" 80
"../../../Engine/Content/EditorMeshes/Camera/SM_CraneRig_Mount.uasset" 81
"../../../Engine/Content/EditorMeshes/Camera/SM_CraneRig_Mount.uexp" 82
"../../../Engine/Content/EditorMeshes/Camera/SM_RailRig_Mount.uasset" 83
"../../../Engine/Content/EditorMeshes/Camera/SM_RailRig_Mount.uexp" 84
"../../../Engine/Content/EditorMeshes/Camera/SM_RailRig_Track.uasset" 85
"../../../Engine/Content/EditorMeshes/Camera/SM_RailRig_Track.uexp" 86
"../../../Engine/Content/EditorResources/BSPVertex.uasset" 87
"../../../Engine/Content/EditorResources/BSPVertex.uexp" 88
"../../../Engine/Content/EditorResources/EmptyActor.uasset" 89
"../../../Engine/Content/EditorResources/EmptyActor.uexp" 90
"../../../Engine/Content/EditorResources/S_Actor.uasset" 91
"../../../Engine/Content/EditorResources/S_Actor.uexp" 92
"../../../Engine/Content/EditorResources/S_Actor.ubulk" 93
"../../../Engine/Content/EditorResources/S_Note.uasset" 94
"../../../Engine/Content/EditorResources/S_Note.uexp" 95
"../../../Engine/Content/EditorResources/S_Note.ubulk" 96
"../../../Engine/Content/EditorResources/S_Solver.uasset" 97
"../../../Engine/Content/EditorResources/S_Solver.uexp" 98
"../../../Engine/Content/EditorResources/S_Solver.ubulk" 99
"../../../Engine/Content/EditorResources/S_Terrain.uasset" 100
"../../../Engine/Content/EditorResources/S_Terrain.uexp" 101
"../../../Engine/Content/EditorResources/S_Terrain.ubulk" 102
"../../../Engine/Content/EditorResources/S_Trigger.uasset" 103
"../../../Engine/Content/EditorResources/S_Trigger.uexp" 104
"../../../Engine/Content/EditorResources/S_Trigger.ubulk" 105
"../../../Engine/Content/EditorResources/SequenceRecorder/Countdown.uasset" 106
"../../../Engine/Content/EditorResources/SequenceRecorder/Countdown.uexp" 107
"../../../Engine/Content/EditorResources/SequenceRecorder/RecordingIndicator.uasset" 108
"../../../Engine/Content/EditorResources/SequenceRecorder/RecordingIndicator.uexp" 109
"../../../Engine/Content/EngineDamageTypes/DmgTypeBP_Environmental.uasset" 110
"../../../Engine/Content/EngineDamageTypes/DmgTypeBP_Environmental.uexp" 111
"../../../Engine/Content/EngineDebugMaterials/DebugEditorMaterial.uasset" 112
"../../../Engine/Content/EngineDebugMaterials/DebugEditorMaterial.uexp" 113
"../../../Engine/Content/EngineDebugMaterials/DebugMeshMaterial.uasset" 114
"../../../Engine/Content/EngineDebugMaterials/DebugMeshMaterial.uexp" 115
"../../../Engine/Content/EngineDebugMaterials/M_SimpleUnlitTranslucent.uasset" 116
"../../../Engine/Content/EngineDebugMaterials/M_SimpleUnlitTranslucent.uexp" 117
"../../../Engine/Content/EngineDebugMaterials/VolumeToRender.uasset" 118
"../../../Engine/Content/EngineDebugMaterials/VolumeToRender.uexp" 119
"../../../Engine/Content/Functions/Engine_MaterialFunctions02/Utility/CameraDirectionVector.uasset" 120
"../../../Engine/Content/Functions/Engine_MaterialFunctions02/Utility/CameraDirectionVector.uexp" 121
"../../../Engine/Content/EngineDebugMaterials/M_VolumeRenderSphereTracePP.uasset" 122
"../../../Engine/Content/EngineDebugMaterials/M_VolumeRenderSphereTracePP.uexp" 123
"../../../Engine/Content/EngineFonts/Faces/RobotoRegular.uasset" 124
"../../../Engine/Content/EngineFonts/Faces/RobotoRegular.uexp" 125
"../../../Engine/Content/EngineFonts/Faces/RobotoRegular.ufont" 126
"../../../Engine/Content/EngineFonts/Faces/RobotoLight.uasset" 127
"../../../Engine/Content/EngineFonts/Faces/RobotoLight.uexp" 128
"../../../Engine/Content/EngineFonts/Faces/RobotoLight.ufont" 129
"../../../Engine/Content/EngineFonts/Faces/RobotoItalic.uasset" 130
"../../../Engine/Content/EngineFonts/Faces/RobotoItalic.uexp" 131
"../../../Engine/Content/EngineFonts/Faces/RobotoItalic.ufont" 132
"../../../Engine/Content/EngineFonts/Faces/RobotoBoldItalic.uasset" 133
"../../../Engine/Content/EngineFonts/Faces/RobotoBoldItalic.uexp" 134
"../../../Engine/Content/EngineFonts/Faces/RobotoBoldItalic.ufont" 135
"../../../Engine/Content/EngineFonts/Faces/RobotoBold.uasset" 136
"../../../Engine/Content/EngineFonts/Faces/RobotoBold.uexp" 137
"../../../Engine/Content/EngineFonts/Faces/RobotoBold.ufont" 138
"../../../Engine/Content/EngineFonts/Faces/DroidSansFallback.uasset" 139
"../../../Engine/Content/EngineFonts/Faces/DroidSansFallback.uexp" 140
"../../../Engine/Content/EngineFonts/Faces/DroidSansFallback.ufont" 141
"../../../Engine/Content/EngineFonts/Roboto.uasset" 142
"../../../Engine/Content/EngineFonts/Roboto.uexp" 143
"../../../Engine/Content/EngineMaterials/BaseFlattenNormalMap.uasset" 144
"../../../Engine/Content/EngineMaterials/BaseFlattenNormalMap.uexp" 145
"../../../Engine/Content/EngineMaterials/BaseFlattenGrayscaleMap.uasset" 146
"../../../Engine/Content/EngineMaterials/BaseFlattenGrayscaleMap.uexp" 147
"../../../Engine/Content/EngineMaterials/BaseFlattenEmissiveMap.uasset" 148
"../../../Engine/Content/EngineMaterials/BaseFlattenEmissiveMap.uexp" 149
"../../../Engine/Content/EngineMaterials/BaseFlattenDiffuseMap.uasset" 150
"../../../Engine/Content/EngineMaterials/BaseFlattenDiffuseMap.uexp" 151
"../../../Engine/Content/EngineMaterials/BaseFlattenMaterial.uasset" 152
"../../../Engine/Content/EngineMaterials/BaseFlattenMaterial.uexp" 153
"../../../Engine/Content/EngineMaterials/BlueNoise.uasset" 154
"../../../Engine/Content/EngineMaterials/BlueNoise.uexp" 155
"../../../Engine/Content/EngineMaterials/DefaultBloomKernel.uasset" 156
"../../../Engine/Content/EngineMaterials/DefaultBloomKernel.uexp" 157
"../../../Engine/Content/EngineMaterials/DefaultBokeh.uasset" 158
"../../../Engine/Content/EngineMaterials/DefaultBokeh.uexp" 159
"../../../Engine/Content/EngineMaterials/DefaultDiffuse.uasset" 160
"../../../Engine/Content/EngineMaterials/DefaultDiffuse.uexp" 161
"../../../Engine/Content/EngineMaterials/DefaultDiffuse.ubulk" 162
"../../../Engine/Content/EngineMaterials/DefaultDeferredDecalMaterial.uasset" 163
"../../../Engine/Content/EngineMaterials/DefaultDeferredDecalMaterial.uexp" 164
"../../../Engine/Content/EngineMaterials/DefaultLightFunctionMaterial.uasset" 165
"../../../Engine/Content/EngineMaterials/DefaultLightFunctionMaterial.uexp" 166
"../../../Engine/Content/EngineMaterials/DefaultPhysicalMaterial.uasset" 167
"../../../Engine/Content/EngineMaterials/DefaultPhysicalMaterial.uexp" 168
"../../../Engine/Content/Functions/Engine_MaterialFunctions02/Utility/BreakOutFloat2Components.uasset" 169
"../../../Engine/Content/Functions/Engine_MaterialFunctions02/Utility/BreakOutFloat2Components.uexp" 170
"../../../Engine/Content/EngineMaterials/DefaultPostProcessMaterial.uasset" 171
"../../../Engine/Content/EngineMaterials/DefaultPostProcessMaterial.uexp" 172
"../../../Engine/Content/EngineFonts/RobotoDistanceField.uasset" 173
"../../../Engine/Content/EngineFonts/RobotoDistanceField.uexp" 174
"../../../Engine/Content/EngineMaterials/DefaultTextMaterialOpaque.uasset" 175
"../../../Engine/Content/EngineMaterials/DefaultTextMaterialOpaque.uexp" 176
"../../../Engine/Content/EngineMaterials/DefaultWhiteGrid.uasset" 177
"../../../Engine/Content/EngineMaterials/DefaultWhiteGrid.uexp" 178
"../../../Engine/Content/EngineMaterials/DefaultWhiteGrid.ubulk" 179
"../../../Engine/Content/EngineMaterials/DefaultWhiteGrid_Low.uasset" 180
"../../../Engine/Content/EngineMaterials/DefaultWhiteGrid_Low.uexp" 181
"../../../Engine/Content/EngineMaterials/EmissiveMeshMaterial.uasset" 182
"../../../Engine/Content/EngineMaterials/EmissiveMeshMaterial.uexp" 183
"../../../Engine/Content/EngineMaterials/GizmoMaterial.uasset" 184
"../../../Engine/Content/EngineMaterials/GizmoMaterial.uexp" 185
"../../../Engine/Content/EngineMaterials/Good64x64TilingNoiseHighFreq.uasset" 186
"../../../Engine/Content/EngineMaterials/Good64x64TilingNoiseHighFreq.uexp" 187
"../../../Engine/Content/EngineMaterials/MiniFont.uasset" 188
"../../../Engine/Content/EngineMaterials/MiniFont.uexp" 189
"../../../Engine/Content/EngineMaterials/InvalidLightmapSettings.uasset" 190
"../../../Engine/Content/EngineMaterials/InvalidLightmapSettings.uexp" 191
"../../../Engine/Content/EngineMaterials/InvalidLightmapSettings.ubulk" 192
"../../../Engine/Content/EngineMaterials/M_InvalidLightmapSettings.uasset" 193
"../../../Engine/Content/EngineMaterials/M_InvalidLightmapSettings.uexp" 194
"../../../Engine/Content/Functions/Engine_MaterialFunctions02/WorldPositionOffset/CameraOffset.uasset" 195
"../../../Engine/Content/Functions/Engine_MaterialFunctions02/WorldPositionOffset/CameraOffset.uexp" 196
"../../../Engine/Content/EngineMaterials/PhAT_JointLimitMaterial.uasset" 197
"../../../Engine/Content/EngineMaterials/PhAT_JointLimitMaterial.uexp" 198
"../../../Engine/Content/EngineMaterials/DefaultCalibrationColor.uasset" 199
"../../../Engine/Content/EngineMaterials/DefaultCalibrationColor.uexp" 200
"../../../Engine/Content/EngineMaterials/PPM_DefaultCalibrationColor.uasset" 201
"../../../Engine/Content/EngineMaterials/PPM_DefaultCalibrationColor.uexp" 202
"../../../Engine/Content/EngineMaterials/DefaultCalibrationGrayscale.uasset" 203
"../../../Engine/Content/EngineMaterials/DefaultCalibrationGrayscale.uexp" 204
"../../../Engine/Content/EngineMaterials/PPM_DefaultCalibrationGrayscale.uasset" 205
"../../../Engine/Content/EngineMaterials/PPM_DefaultCalibrationGrayscale.uexp" 206
"../../../Engine/Content/EngineMaterials/PreintegratedSkinBRDF.uasset" 207
"../../../Engine/Content/EngineMaterials/PreintegratedSkinBRDF.uexp" 208
"../../../Engine/Content/EngineMaterials/RemoveSurfaceMaterial.uasset" 209
"../../../Engine/Content/EngineMaterials/RemoveSurfaceMaterial.uexp" 210
"../../../Engine/Content/EngineMaterials/WeightMapPlaceholderTexture.uasset" 211
"../../../Engine/Content/EngineMaterials/WeightMapPlaceholderTexture.uexp" 212
"../../../Engine/Content/EngineResources/WhiteSquareTexture.uasset" 213
"../../../Engine/Content/EngineResources/WhiteSquareTexture.uexp" 214
"../../../Engine/Content/EngineMaterials/Widget3DPassThrough.uasset" 215
"../../../Engine/Content/EngineMaterials/Widget3DPassThrough.uexp" 216
"../../../Engine/Content/EngineMaterials/Widget3DPassThrough_Masked.uasset" 217
"../../../Engine/Content/EngineMaterials/Widget3DPassThrough_Masked.uexp" 218
"../../../Engine/Content/EngineMaterials/Widget3DPassThrough_Opaque.uasset" 219
"../../../Engine/Content/EngineMaterials/Widget3DPassThrough_Opaque.uexp" 220
"../../../Engine/Content/EngineMaterials/Widget3DPassThrough_Masked_OneSided.uasset" 221
"../../../Engine/Content/EngineMaterials/Widget3DPassThrough_Masked_OneSided.uexp" 222
"../../../Engine/Content/EngineMaterials/Widget3DPassThrough_Opaque_OneSided.uasset" 223
"../../../Engine/Content/EngineMaterials/Widget3DPassThrough_Opaque_OneSided.uexp" 224
"../../../Engine/Content/EngineMaterials/Widget3DPassThrough_Translucent.uasset" 225
"../../../Engine/Content/EngineMaterials/Widget3DPassThrough_Translucent.uexp" 226
"../../../Engine/Content/EngineMaterials/Widget3DPassThrough_Translucent_OneSided.uasset" 227
"../../../Engine/Content/EngineMaterials/Widget3DPassThrough_Translucent_OneSided.uexp" 228
"../../../Engine/Content/EngineMeshes/Sphere.uasset" 229
"../../../Engine/Content/EngineMeshes/Sphere.uexp" 230
"../../../Engine/Content/EngineResources/Black.uasset" 231
"../../../Engine/Content/EngineResources/Black.uexp" 232
"../../../Engine/Content/EngineResources/DefaultTexture.uasset" 233
"../../../Engine/Content/EngineResources/DefaultTexture.uexp" 234
"../../../Engine/Content/EngineResources/DefaultTexture.ubulk" 235
"../../../Engine/Content/EngineResources/DefaultTextureCube.uasset" 236
"../../../Engine/Content/EngineResources/DefaultTextureCube.uexp" 237
"../../../Engine/Content/EngineResources/DefaultVolumeTexture2D.uasset" 238
"../../../Engine/Content/EngineResources/DefaultVolumeTexture2D.uexp" 239
"../../../Engine/Content/EngineResources/DefaultVolumeTexture.uasset" 240
"../../../Engine/Content/EngineResources/DefaultVolumeTexture.uexp" 241
"../../../Engine/Content/EngineResources/GradientTexture0.uasset" 242
"../../../Engine/Content/EngineResources/GradientTexture0.uexp" 243
"../../../Engine/Content/EngineSky/VolumetricClouds/T_NoiseShape64.uasset" 244
"../../../Engine/Content/EngineSky/VolumetricClouds/T_NoiseShape64.uexp" 245
"../../../Engine/Content/EngineSky/VolumetricClouds/T_NoiseShape64.ubulk" 246
"../../../Engine/Content/EngineSky/VolumetricClouds/T_VolumeNoiseShape64.uasset" 247
"../../../Engine/Content/EngineSky/VolumetricClouds/T_VolumeNoiseShape64.uexp" 248
"../../../Engine/Content/EngineSky/VolumetricClouds/T_NoiseErosion.uasset" 249
"../../../Engine/Content/EngineSky/VolumetricClouds/T_NoiseErosion.uexp" 250
"../../../Engine/Content/EngineSky/VolumetricClouds/T_NoiseErosion.ubulk" 251
"../../../Engine/Content/EngineSky/VolumetricClouds/T_VolumeNoiseErosion32.uasset" 252
"../../../Engine/Content/EngineSky/VolumetricClouds/T_VolumeNoiseErosion32.uexp" 253
"../../../Engine/Content/EngineSky/VolumetricClouds/CloudWeatherTexture.uasset" 254
"../../../Engine/Content/EngineSky/VolumetricClouds/CloudWeatherTexture.uexp" 255
"../../../Engine/Content/EngineSky/VolumetricClouds/CloudGradientTexture.uasset" 256
"../../../Engine/Content/EngineSky/VolumetricClouds/CloudGradientTexture.uexp" 257
"../../../Engine/Content/Functions/Engine_MaterialFunctions02/Utility/MakeFloat2.uasset" 258
"../../../Engine/Content/Functions/Engine_MaterialFunctions02/Utility/MakeFloat2.uexp" 259
"../../../Engine/Content/EngineSky/VolumetricClouds/m_SimpleVolumetricCloud.uasset" 260
"../../../Engine/Content/EngineSky/VolumetricClouds/m_SimpleVolumetricCloud.uexp" 261
"../../../Engine/Content/EngineSky/VolumetricClouds/m_SimpleVolumetricCloud_Inst.uasset" 262
"../../../Engine/Content/EngineSky/VolumetricClouds/m_SimpleVolumetricCloud_Inst.uexp" 263
"../../../Engine/Content/Functions/Engine_MaterialFunctions01/Shading/ConvertFromDiffSpec.uasset" 264
"../../../Engine/Content/Functions/Engine_MaterialFunctions01/Shading/ConvertFromDiffSpec.uexp" 265
"../../../Engine/Content/Functions/Engine_MaterialFunctions01/Shading/PowerToRoughness.uasset" 266
"../../../Engine/Content/Functions/Engine_MaterialFunctions01/Shading/PowerToRoughness.uexp" 267
"../../../Engine/Content/Maps/Templates/Thumbnails/Default.uasset" 268
"../../../Engine/Content/Maps/Templates/Thumbnails/Default.uexp" 269
"../../../Engine/Content/Maps/Templates/Thumbnails/TimeOfDay.uasset" 270
"../../../Engine/Content/Maps/Templates/Thumbnails/TimeOfDay.uexp" 271
"../../../Engine/Content/Maps/Templates/Thumbnails/VR-Basic.uasset" 272
"../../../Engine/Content/Maps/Templates/Thumbnails/VR-Basic.uexp" 273
"../../../Engine/Content/MobileResources/T_MobileControls_texture.uasset" 274
"../../../Engine/Content/MobileResources/T_MobileControls_texture.uexp" 275
"../../../Engine/Content/MobileResources/T_MobileMenu2.uasset" 276
"../../../Engine/Content/MobileResources/T_MobileMenu2.uexp" 277
"../../../Engine/Content/MobileResources/HUD/AnalogHat.uasset" 278
"../../../Engine/Content/MobileResources/HUD/AnalogHat.uexp" 279
"../../../Engine/Content/MobileResources/HUD/VirtualJoystick_Thumb.uasset" 280
"../../../Engine/Content/MobileResources/HUD/VirtualJoystick_Thumb.uexp" 281
"../../../Engine/Content/MobileResources/HUD/VirtualJoystick_Background.uasset" 282
"../../../Engine/Content/MobileResources/HUD/VirtualJoystick_Background.uexp" 283
"../../../Engine/Content/MobileResources/HUD/DefaultVirtualJoysticks.uasset" 284
"../../../Engine/Content/MobileResources/HUD/DefaultVirtualJoysticks.uexp" 285
"../../../Engine/Content/MobileResources/HUD/LeftVirtualJoystickOnly.uasset" 286
"../../../Engine/Content/MobileResources/HUD/LeftVirtualJoystickOnly.uexp" 287
"../../../Engine/Content/MobileResources/HUD/MobileHUDButton1_off.uasset" 288
"../../../Engine/Content/MobileResources/HUD/MobileHUDButton1_off.uexp" 289
"../../../Engine/Content/MobileResources/HUD/MobileHUDButton1_on.uasset" 290
"../../../Engine/Content/MobileResources/HUD/MobileHUDButton1_on.uexp" 291
"../../../Engine/Content/MobileResources/HUD/MobileHUDButton2_off.uasset" 292
"../../../Engine/Content/MobileResources/HUD/MobileHUDButton2_off.uexp" 293
"../../../Engine/Content/MobileResources/HUD/MobileHUDButton2_on.uasset" 294
"../../../Engine/Content/MobileResources/HUD/MobileHUDButton2_on.uexp" 295
"../../../Engine/Content/MobileResources/HUD/MobileHUDButton3.uasset" 296
"../../../Engine/Content/MobileResources/HUD/MobileHUDButton3.uexp" 297
"../../../Engine/Content/MobileResources/HUD/MobileHUDButtonFire.uasset" 298
"../../../Engine/Content/MobileResources/HUD/MobileHUDButtonFire.uexp" 299
"../../../Engine/Content/MobileResources/HUD/MobileHUDDirectionPad.uasset" 300
"../../../Engine/Content/MobileResources/HUD/MobileHUDDirectionPad.uexp" 301
"../../../Engine/Content/MobileResources/HUD/MobileHUDDirectionPad2.uasset" 302
"../../../Engine/Content/MobileResources/HUD/MobileHUDDirectionPad2.uexp" 303
"../../../Engine/Content/MobileResources/HUD/MobileHUDDirectionPad3.uasset" 304
"../../../Engine/Content/MobileResources/HUD/MobileHUDDirectionPad3.uexp" 305
"../../../Engine/Content/MobileResources/HUD/MobileHUDDirectionStick.uasset" 306
"../../../Engine/Content/MobileResources/HUD/MobileHUDDirectionStick.uexp" 307
"../../../Engine/Content/MobileResources/HUD/T_Castle_ThumbstickInner.uasset" 308
"../../../Engine/Content/MobileResources/HUD/T_Castle_ThumbstickInner.uexp" 309
"../../../Engine/Content/MobileResources/HUD/T_Castle_ThumbstickOutter.uasset" 310
"../../../Engine/Content/MobileResources/HUD/T_Castle_ThumbstickOutter.uexp" 311
"../../../Engine/Content/Tutorial/ContentIntroCurve.uasset" 312
"../../../Engine/Content/Tutorial/ContentIntroCurve.uexp" 313
"../../../Engine/Content/VREditor/TransformGizmo/TranslucentTransformGizmoMaterial.uasset" 314
"../../../Engine/Content/VREditor/TransformGizmo/TranslucentTransformGizmoMaterial.uexp" 315
"../../../Engine/Content/VREditor/LaserPointer/VR_LaserPower_01.uasset" 316
"../../../Engine/Content/VREditor/LaserPointer/VR_LaserPower_01.uexp" 317
"../../../Engine/Content/VREditor/LaserPointer/VR_LaserPower_01.ubulk" 318
"../../../Engine/Content/VREditor/TransformGizmo/TransformGizmoMaterial.uasset" 319
"../../../Engine/Content/VREditor/TransformGizmo/TransformGizmoMaterial.uexp" 320
"../../../Engine/Content/VREditor/TransformGizmo/BoundingBoxCorner.uasset" 321
"../../../Engine/Content/VREditor/TransformGizmo/BoundingBoxCorner.uexp" 322
"../../../Engine/Content/VREditor/TransformGizmo/BoundingBoxEdge.uasset" 323
"../../../Engine/Content/VREditor/TransformGizmo/BoundingBoxEdge.uexp" 324
"../../../Engine/Content/VREditor/TransformGizmo/PlaneTranslationHandle.uasset" 325
"../../../Engine/Content/VREditor/TransformGizmo/PlaneTranslationHandle.uexp" 326
"../../../Engine/Content/VREditor/TransformGizmo/Xray.uasset" 327
"../../../Engine/Content/VREditor/TransformGizmo/Xray.uexp" 328
"../../../Engine/Content/VREditor/TransformGizmo/Main.uasset" 329
"../../../Engine/Content/VREditor/TransformGizmo/Main.uexp" 330
"../../../Engine/Content/VREditor/TransformGizmo/SM_Sequencer_Key.uasset" 331
"../../../Engine/Content/VREditor/TransformGizmo/SM_Sequencer_Key.uexp" 332
"../../../Engine/Content/VREditor/TransformGizmo/SM_Sequencer_Node.uasset" 333
"../../../Engine/Content/VREditor/TransformGizmo/SM_Sequencer_Node.uexp" 334
"../../../Engine/Plugins/2D/Paper2D/Content/PlaceholderTextures/DummySpriteTexture.uasset" 335
"../../../Engine/Plugins/2D/Paper2D/Content/PlaceholderTextures/DummySpriteTexture.uexp" 336
"../../../Engine/Plugins/2D/Paper2D/Content/PlaceholderTextures/DummySpriteTexture.ubulk" 337
"../../../Engine/Plugins/2D/Paper2D/Content/DummySprite.uasset" 338
"../../../Engine/Plugins/2D/Paper2D/Content/DummySprite.uexp" 339
"../../../Engine/Plugins/2D/Paper2D/Content/DefaultPaperTerrainMaterial.uasset" 340
"../../../Engine/Plugins/2D/Paper2D/Content/DefaultPaperTerrainMaterial.uexp" 341
"../../../Engine/Plugins/2D/Paper2D/Content/DefaultSpriteMaterial.uasset" 342
"../../../Engine/Plugins/2D/Paper2D/Content/DefaultSpriteMaterial.uexp" 343
"../../../Engine/Plugins/2D/Paper2D/Content/MaskedUnlitSpriteMaterial.uasset" 344
"../../../Engine/Plugins/2D/Paper2D/Content/MaskedUnlitSpriteMaterial.uexp" 345
"../../../Engine/Plugins/2D/Paper2D/Content/OpaqueUnlitSpriteMaterial.uasset" 346
"../../../Engine/Plugins/2D/Paper2D/Content/OpaqueUnlitSpriteMaterial.uexp" 347
"../../../Engine/Plugins/Runtime/AudioModulation/Content/BitDepth.uasset" 348
"../../../Engine/Plugins/Runtime/AudioModulation/Content/BitDepth.uexp" 349
"../../../Engine/Plugins/Runtime/AudioModulation/Content/HPFCutoffFrequency.uasset" 350
"../../../Engine/Plugins/Runtime/AudioModulation/Content/HPFCutoffFrequency.uexp" 351
"../../../Engine/Plugins/Runtime/AudioModulation/Content/LowRateFrequency.uasset" 352
"../../../Engine/Plugins/Runtime/AudioModulation/Content/LowRateFrequency.uexp" 353
"../../../Engine/Plugins/Runtime/AudioModulation/Content/LPFCutoffFrequency.uasset" 354
"../../../Engine/Plugins/Runtime/AudioModulation/Content/LPFCutoffFrequency.uexp" 355
"../../../Engine/Plugins/Runtime/AudioModulation/Content/Pan.uasset" 356
"../../../Engine/Plugins/Runtime/AudioModulation/Content/Pan.uexp" 357
"../../../Engine/Plugins/Runtime/AudioModulation/Content/Pitch.uasset" 358
"../../../Engine/Plugins/Runtime/AudioModulation/Content/Pitch.uexp" 359
"../../../Engine/Plugins/Runtime/AudioModulation/Content/SampleRate.uasset" 360
"../../../Engine/Plugins/Runtime/AudioModulation/Content/SampleRate.uexp" 361
"../../../Engine/Plugins/Runtime/AudioModulation/Content/TimeOfDay.uasset" 362
"../../../Engine/Plugins/Runtime/AudioModulation/Content/TimeOfDay.uexp" 363
"../../../Engine/Plugins/Runtime/AudioModulation/Content/Volume.uasset" 364
"../../../Engine/Plugins/Runtime/AudioModulation/Content/Volume.uexp" 365
"D:/Unreal Projects/Amberial UE Remake/AmberialUE4/Amberial/Content/CommonAssets/Fonts/SydnieOutline.uasset" 366
"D:/Unreal Projects/Amberial UE Remake/AmberialUE4/Amberial/Content/CommonAssets/Fonts/SydnieOutline.uexp" 367
"D:/Unreal Projects/Amberial UE Remake/AmberialUE4/Amberial/Content/CommonAssets/Fonts/SydnieOutline.ufont" 368
"D:/Unreal Projects/Amberial UE Remake/AmberialUE4/Amberial/Content/CommonAssets/Fonts/SydnieOutline_Font.uasset" 369
"D:/Unreal Projects/Amberial UE Remake/AmberialUE4/Amberial/Content/CommonAssets/Fonts/SydnieOutline_Font.uexp" 370
"D:/Unreal Projects/Amberial UE Remake/AmberialUE4/Amberial/Content/CommonAssets/T_AmberBall.uasset" 371
"D:/Unreal Projects/Amberial UE Remake/AmberialUE4/Amberial/Content/CommonAssets/T_AmberBall.uexp" 372
"D:/Unreal Projects/Amberial UE Remake/AmberialUE4/Amberial/Content/CommonAssets/T_AmberBall.ubulk" 373
"D:/Unreal Projects/Amberial UE Remake/AmberialUE4/Amberial/Content/Widgets/LoadingScreen/T_LoadingIcon.uasset" 374
"D:/Unreal Projects/Amberial UE Remake/AmberialUE4/Amberial/Content/Widgets/LoadingScreen/T_LoadingIcon.uexp" 375
"D:/Unreal Projects/Amberial UE Remake/AmberialUE4/Amberial/Content/Widgets/LoadingScreen/T_LoadingBarFrame.uasset" 376
"D:/Unreal Projects/Amberial UE Remake/AmberialUE4/Amberial/Content/Widgets/LoadingScreen/T_LoadingBarFrame.uexp" 377
"D:/Unreal Projects/Amberial UE Remake/AmberialUE4/Amberial/Content/Widgets/LoadingScreen/WBP_AmberialLoadingScreen.uasset" 378
"D:/Unreal Projects/Amberial UE Remake/AmberialUE4/Amberial/Content/Widgets/LoadingScreen/WBP_AmberialLoadingScreen.uexp" 379
"D:/Unreal Projects/Amberial UE Remake/AmberialUE4/Amberial/Content/Maps/L_LoadingScreen.uexp" 380
"D:/Unreal Projects/Amberial UE Remake/AmberialUE4/Amberial/Content/Maps/L_LoadingScreen.umap" 381
"D:/Unreal Projects/Amberial UE Remake/AmberialUE4/Amberial/Content/Sound/BGM/BGM00_Title.uasset" 382
"D:/Unreal Projects/Amberial UE Remake/AmberialUE4/Amberial/Content/Sound/BGM/BGM00_Title.uexp" 383
"../../../Engine/Content/BasicShapes/Cube.uasset" 384
"../../../Engine/Content/BasicShapes/Cube.uexp" 385
"../../../Engine/Content/BasicShapes/BasicShapeMaterial.uasset" 386
"../../../Engine/Content/BasicShapes/BasicShapeMaterial.uexp" 387
"D:/Unreal Projects/Amberial UE Remake/AmberialUE4/Amberial/Content/Maps/L_MainMenu.uexp" 388
"D:/Unreal Projects/Amberial UE Remake/AmberialUE4/Amberial/Content/Maps/L_MainMenu.umap" 389
"D:/Unreal Projects/Amberial UE Remake/AmberialUE4/Amberial/Content/Movies/ArmorIntroVideo/MP_ArmorIntro.uasset" 390
"D:/Unreal Projects/Amberial UE Remake/AmberialUE4/Amberial/Content/Movies/ArmorIntroVideo/MP_ArmorIntro.uexp" 391
"D:/Unreal Projects/Amberial UE Remake/AmberialUE4/Amberial/Content/Movies/ArmorIntroVideo/MT_ArmorIntro.uasset" 392
"D:/Unreal Projects/Amberial UE Remake/AmberialUE4/Amberial/Content/Movies/ArmorIntroVideo/MT_ArmorIntro.uexp" 393
"D:/Unreal Projects/Amberial UE Remake/AmberialUE4/Amberial/Content/Movies/ArmorIntroVideo/M_ArmorIntro.uasset" 394
"D:/Unreal Projects/Amberial UE Remake/AmberialUE4/Amberial/Content/Movies/ArmorIntroVideo/M_ArmorIntro.uexp" 395
"D:/Unreal Projects/Amberial UE Remake/AmberialUE4/Amberial/Content/Movies/ArmorIntroVideo/FMS_AmorIntro.uasset" 396
"D:/Unreal Projects/Amberial UE Remake/AmberialUE4/Amberial/Content/Movies/ArmorIntroVideo/FMS_AmorIntro.uexp" 397
"D:/Unreal Projects/Amberial UE Remake/AmberialUE4/Amberial/Content/Widgets/AmorGamesSplash/WBP_ArmorSplash.uasset" 398
"D:/Unreal Projects/Amberial UE Remake/AmberialUE4/Amberial/Content/Widgets/AmorGamesSplash/WBP_ArmorSplash.uexp" 399
"D:/Unreal Projects/Amberial UE Remake/AmberialUE4/Amberial/Content/Maps/L_SplashIntro.uexp" 400
"D:/Unreal Projects/Amberial UE Remake/AmberialUE4/Amberial/Content/Maps/L_SplashIntro.umap" 401
"../../../Engine/Content/Maps/Entry_BuiltData.uasset" 402
"../../../Engine/Content/Maps/Entry_BuiltData.uexp" 403
"../../../Engine/Content/Maps/Entry.uexp" 404
"../../../Engine/Content/Maps/Entry.umap" 405
"../../../Engine/Plugins/Marketplace/EasyLoad752439c2caf5V19/Content/UMG/WBP_LoadingScreen.uasset" 406
"../../../Engine/Plugins/Marketplace/EasyLoad752439c2caf5V19/Content/UMG/WBP_LoadingScreen.uexp" 407
"../../../Engine/Plugins/Marketplace/EasyLoad752439c2caf5V19/Content/Maps/LoadingScreenMap.uexp" 408
"../../../Engine/Plugins/Marketplace/EasyLoad752439c2caf5V19/Content/Maps/LoadingScreenMap.umap" 409
